           2           1
  0.9210946761523616  0.0000000000000000
  0.0000000000000000  0.9210946761523616
  0.0000000639375714  0.0000000000000000
  0.0000000000000000  0.0000000639375714
  1.3039084433048742  0.0000000000000000
  0.0000000000000000  1.3039084433048742
  0.0000000000000000  0.0000000000000000
  0.0000000000000000  0.0000000000000000
  0.3000000000237991  0.0000000000000000
  0.0000000000000000  0.3000000000237991
  0.0000000000000000  0.0000000000000000
  0.0000000000000000  0.0000000000000000
  0.12751830800276476     
