  0.0000000000000659  0.0000000000000000
  0.0000000000000000  0.0000000000000659
  0.0000000000000000  0.0000000000000000
  0.0000000000000000  0.0000000000000000
