 -0.1033047413108051E+01  0.0000000000000000E+00 -0.5564224291412534E-01 -0.3144506877106323E-05 -0.1485070215295919E+00 -0.2471522986269292E-06  0.0000000000000000E+00  0.0000000000000000E+00  0.0000000000000000E+00
