NT=  1
  1  2  1  2        8.0000000000      0.0000000000
  2  1  2  1        8.0000000000      0.0000000000
